node.exe : npm verbose cli C:\Program Files\nodejs\node.exe 
C:\Program Files\nodejs\node_modules\npm\bin\npm-cli.js
At line:1 char:1
+ & "C:\Program Files\nodejs/node.exe" "C:\Program 
Files\nodejs/node_mo ...
+ 
~~~~~~~~~~~~~~~~~~~~~~~~~~~~~~~~~~~~~~~~~~~~~~~~~~~~~~~~~~~~~~~~~~~~~
    + CategoryInfo          : NotSpecified: (npm verbose cli...\bin\n 
   pm-cli.js:String) [], RemoteException
    + FullyQualifiedErrorId : NativeCommandError
 
npm info using npm@11.6.1
npm info using node@v24.11.0
npm verbose title npm run build
npm verbose argv "run" "build" "--loglevel" "verbose"
npm verbose logfile logs-max:10 dir:C:\Users\Vikash 
R\AppData\Local\npm-cache\_logs\2025-10-31T17_32_36_112Z-
npm verbose logfile C:\Users\Vikash 
R\AppData\Local\npm-cache\_logs\2025-10-31T17_32_36_112Z-debug-0.log

> visionultra@0.1.0 build
> react-scripts build

(node:6436) [DEP0176] DeprecationWarning: fs.F_OK is deprecated, use 
fs.constants.F_OK instead
(Use `node --trace-deprecation ...` to show where the warning was 
created)
Creating an optimized production build...
Compiled successfully.

File sizes after gzip:

  112.32 kB  build\static\js\main.ac44ba55.js
  4.07 kB    build\static\css\main.e91230a4.css
  1.76 kB    build\static\js\453.3c453210.chunk.js

The project was built assuming it is hosted at /.
You can control this with the homepage field in your package.json.

The build folder is ready to be deployed.
You may serve it with a static server:

  npm install -g serve
  serve -s build

Find out more about deployment here:

  https://cra.link/deployment

npm verbose cwd C:\MyWeb\visionultra
npm verbose os Windows_NT 10.0.19045
npm verbose node v24.11.0
npm verbose npm  v11.6.1
npm verbose exit 0
npm info ok
